▲ Next.js 16.2.2
- Local:         http://localhost:3200
- Network:       http://192.168.4.216:3200
✓ Ready in 118ms
